This environment is new! To use the (previous) DR1 environment, run:
  source /global/common/software/desi/users/adematti/cosmodesi_environment.sh dr1
ERROR:2026-01-06 03:23:51,735:jax._src.xla_bridge:477: Jax plugin configuration error: Exception when calling jax_plugins.xla_cuda12.initialize()
Traceback (most recent call last):
  File "/global/common/software/desi/users/adematti/perlmutter/cosmodesiconda/20251214-1.0.0/conda/lib/python3.12/site-packages/jax/_src/xla_bridge.py", line 475, in discover_pjrt_plugins
    plugin_module.initialize()
  File "/global/common/software/desi/users/adematti/perlmutter/cosmodesiconda/20251214-1.0.0/conda/lib/python3.12/site-packages/jax_plugins/xla_cuda12/__init__.py", line 328, in initialize
    _check_cuda_versions(raise_on_first_error=True)
  File "/global/common/software/desi/users/adematti/perlmutter/cosmodesiconda/20251214-1.0.0/conda/lib/python3.12/site-packages/jax_plugins/xla_cuda12/__init__.py", line 285, in _check_cuda_versions
    local_device_count = cuda_versions.cuda_device_count()
                         ^^^^^^^^^^^^^^^^^^^^^^^^^^^^^^^^^
RuntimeError: jaxlib/cuda/versions_helpers.cc:113: operation cuInit(0) failed: CUDA_ERROR_NO_DEVICE
ERROR:2026-01-06 03:23:51,735:jax._src.xla_bridge:477: Jax plugin configuration error: Exception when calling jax_plugins.xla_cuda12.initialize()
Traceback (most recent call last):
  File "/global/common/software/desi/users/adematti/perlmutter/cosmodesiconda/20251214-1.0.0/conda/lib/python3.12/site-packages/jax/_src/xla_bridge.py", line 475, in discover_pjrt_plugins
    plugin_module.initialize()
  File "/global/common/software/desi/users/adematti/perlmutter/cosmodesiconda/20251214-1.0.0/conda/lib/python3.12/site-packages/jax_plugins/xla_cuda12/__init__.py", line 328, in initialize
    _check_cuda_versions(raise_on_first_error=True)
  File "/global/common/software/desi/users/adematti/perlmutter/cosmodesiconda/20251214-1.0.0/conda/lib/python3.12/site-packages/jax_plugins/xla_cuda12/__init__.py", line 285, in _check_cuda_versions
    local_device_count = cuda_versions.cuda_device_count()
                         ^^^^^^^^^^^^^^^^^^^^^^^^^^^^^^^^^
RuntimeError: jaxlib/cuda/versions_helpers.cc:113: operation cuInit(0) failed: CUDA_ERROR_NO_DEVICE
ERROR:2026-01-06 03:23:51,735:jax._src.xla_bridge:477: Jax plugin configuration error: Exception when calling jax_plugins.xla_cuda12.initialize()
Traceback (most recent call last):
  File "/global/common/software/desi/users/adematti/perlmutter/cosmodesiconda/20251214-1.0.0/conda/lib/python3.12/site-packages/jax/_src/xla_bridge.py", line 475, in discover_pjrt_plugins
    plugin_module.initialize()
  File "/global/common/software/desi/users/adematti/perlmutter/cosmodesiconda/20251214-1.0.0/conda/lib/python3.12/site-packages/jax_plugins/xla_cuda12/__init__.py", line 328, in initialize
    _check_cuda_versions(raise_on_first_error=True)
  File "/global/common/software/desi/users/adematti/perlmutter/cosmodesiconda/20251214-1.0.0/conda/lib/python3.12/site-packages/jax_plugins/xla_cuda12/__init__.py", line 285, in _check_cuda_versions
    local_device_count = cuda_versions.cuda_device_count()
                         ^^^^^^^^^^^^^^^^^^^^^^^^^^^^^^^^^
RuntimeError: jaxlib/cuda/versions_helpers.cc:113: operation cuInit(0) failed: CUDA_ERROR_NO_DEVICE
ERROR:2026-01-06 03:23:51,735:jax._src.xla_bridge:477: Jax plugin configuration error: Exception when calling jax_plugins.xla_cuda12.initialize()
Traceback (most recent call last):
  File "/global/common/software/desi/users/adematti/perlmutter/cosmodesiconda/20251214-1.0.0/conda/lib/python3.12/site-packages/jax/_src/xla_bridge.py", line 475, in discover_pjrt_plugins
    plugin_module.initialize()
  File "/global/common/software/desi/users/adematti/perlmutter/cosmodesiconda/20251214-1.0.0/conda/lib/python3.12/site-packages/jax_plugins/xla_cuda12/__init__.py", line 328, in initialize
    _check_cuda_versions(raise_on_first_error=True)
  File "/global/common/software/desi/users/adematti/perlmutter/cosmodesiconda/20251214-1.0.0/conda/lib/python3.12/site-packages/jax_plugins/xla_cuda12/__init__.py", line 285, in _check_cuda_versions
    local_device_count = cuda_versions.cuda_device_count()
                         ^^^^^^^^^^^^^^^^^^^^^^^^^^^^^^^^^
RuntimeError: jaxlib/cuda/versions_helpers.cc:113: operation cuInit(0) failed: CUDA_ERROR_NO_DEVICE
ERROR:2026-01-06 03:23:51,735:jax._src.xla_bridge:477: Jax plugin configuration error: Exception when calling jax_plugins.xla_cuda12.initialize()
Traceback (most recent call last):
  File "/global/common/software/desi/users/adematti/perlmutter/cosmodesiconda/20251214-1.0.0/conda/lib/python3.12/site-packages/jax/_src/xla_bridge.py", line 475, in discover_pjrt_plugins
    plugin_module.initialize()
  File "/global/common/software/desi/users/adematti/perlmutter/cosmodesiconda/20251214-1.0.0/conda/lib/python3.12/site-packages/jax_plugins/xla_cuda12/__init__.py", line 328, in initialize
    _check_cuda_versions(raise_on_first_error=True)
  File "/global/common/software/desi/users/adematti/perlmutter/cosmodesiconda/20251214-1.0.0/conda/lib/python3.12/site-packages/jax_plugins/xla_cuda12/__init__.py", line 285, in _check_cuda_versions
    local_device_count = cuda_versions.cuda_device_count()
                         ^^^^^^^^^^^^^^^^^^^^^^^^^^^^^^^^^
RuntimeError: jaxlib/cuda/versions_helpers.cc:113: operation cuInit(0) failed: CUDA_ERROR_NO_DEVICE
ERROR:2026-01-06 03:23:51,740:jax._src.xla_bridge:477: Jax plugin configuration error: Exception when calling jax_plugins.xla_cuda12.initialize()
Traceback (most recent call last):
  File "/global/common/software/desi/users/adematti/perlmutter/cosmodesiconda/20251214-1.0.0/conda/lib/python3.12/site-packages/jax/_src/xla_bridge.py", line 475, in discover_pjrt_plugins
    plugin_module.initialize()
  File "/global/common/software/desi/users/adematti/perlmutter/cosmodesiconda/20251214-1.0.0/conda/lib/python3.12/site-packages/jax_plugins/xla_cuda12/__init__.py", line 328, in initialize
    _check_cuda_versions(raise_on_first_error=True)
  File "/global/common/software/desi/users/adematti/perlmutter/cosmodesiconda/20251214-1.0.0/conda/lib/python3.12/site-packages/jax_plugins/xla_cuda12/__init__.py", line 285, in _check_cuda_versions
    local_device_count = cuda_versions.cuda_device_count()
                         ^^^^^^^^^^^^^^^^^^^^^^^^^^^^^^^^^
RuntimeError: jaxlib/cuda/versions_helpers.cc:113: operation cuInit(0) failed: CUDA_ERROR_NO_DEVICE
ERROR:2026-01-06 03:23:51,742:jax._src.xla_bridge:477: Jax plugin configuration error: Exception when calling jax_plugins.xla_cuda12.initialize()
Traceback (most recent call last):
  File "/global/common/software/desi/users/adematti/perlmutter/cosmodesiconda/20251214-1.0.0/conda/lib/python3.12/site-packages/jax/_src/xla_bridge.py", line 475, in discover_pjrt_plugins
    plugin_module.initialize()
  File "/global/common/software/desi/users/adematti/perlmutter/cosmodesiconda/20251214-1.0.0/conda/lib/python3.12/site-packages/jax_plugins/xla_cuda12/__init__.py", line 328, in initialize
    _check_cuda_versions(raise_on_first_error=True)
  File "/global/common/software/desi/users/adematti/perlmutter/cosmodesiconda/20251214-1.0.0/conda/lib/python3.12/site-packages/jax_plugins/xla_cuda12/__init__.py", line 285, in _check_cuda_versions
    local_device_count = cuda_versions.cuda_device_count()
                         ^^^^^^^^^^^^^^^^^^^^^^^^^^^^^^^^^
RuntimeError: jaxlib/cuda/versions_helpers.cc:113: operation cuInit(0) failed: CUDA_ERROR_NO_DEVICE
ERROR:2026-01-06 03:23:51,744:jax._src.xla_bridge:477: Jax plugin configuration error: Exception when calling jax_plugins.xla_cuda12.initialize()
Traceback (most recent call last):
  File "/global/common/software/desi/users/adematti/perlmutter/cosmodesiconda/20251214-1.0.0/conda/lib/python3.12/site-packages/jax/_src/xla_bridge.py", line 475, in discover_pjrt_plugins
    plugin_module.initialize()
  File "/global/common/software/desi/users/adematti/perlmutter/cosmodesiconda/20251214-1.0.0/conda/lib/python3.12/site-packages/jax_plugins/xla_cuda12/__init__.py", line 328, in initialize
    _check_cuda_versions(raise_on_first_error=True)
  File "/global/common/software/desi/users/adematti/perlmutter/cosmodesiconda/20251214-1.0.0/conda/lib/python3.12/site-packages/jax_plugins/xla_cuda12/__init__.py", line 285, in _check_cuda_versions
    local_device_count = cuda_versions.cuda_device_count()
                         ^^^^^^^^^^^^^^^^^^^^^^^^^^^^^^^^^
RuntimeError: jaxlib/cuda/versions_helpers.cc:113: operation cuInit(0) failed: CUDA_ERROR_NO_DEVICE
ERROR:2026-01-06 03:23:51,745:jax._src.xla_bridge:477: Jax plugin configuration error: Exception when calling jax_plugins.xla_cuda12.initialize()
Traceback (most recent call last):
  File "/global/common/software/desi/users/adematti/perlmutter/cosmodesiconda/20251214-1.0.0/conda/lib/python3.12/site-packages/jax/_src/xla_bridge.py", line 475, in discover_pjrt_plugins
    plugin_module.initialize()
  File "/global/common/software/desi/users/adematti/perlmutter/cosmodesiconda/20251214-1.0.0/conda/lib/python3.12/site-packages/jax_plugins/xla_cuda12/__init__.py", line 328, in initialize
    _check_cuda_versions(raise_on_first_error=True)
  File "/global/common/software/desi/users/adematti/perlmutter/cosmodesiconda/20251214-1.0.0/conda/lib/python3.12/site-packages/jax_plugins/xla_cuda12/__init__.py", line 285, in _check_cuda_versions
    local_device_count = cuda_versions.cuda_device_count()
                         ^^^^^^^^^^^^^^^^^^^^^^^^^^^^^^^^^
RuntimeError: jaxlib/cuda/versions_helpers.cc:113: operation cuInit(0) failed: CUDA_ERROR_NO_DEVICE
ERROR:2026-01-06 03:23:51,747:jax._src.xla_bridge:477: Jax plugin configuration error: Exception when calling jax_plugins.xla_cuda12.initialize()
Traceback (most recent call last):
  File "/global/common/software/desi/users/adematti/perlmutter/cosmodesiconda/20251214-1.0.0/conda/lib/python3.12/site-packages/jax/_src/xla_bridge.py", line 475, in discover_pjrt_plugins
    plugin_module.initialize()
  File "/global/common/software/desi/users/adematti/perlmutter/cosmodesiconda/20251214-1.0.0/conda/lib/python3.12/site-packages/jax_plugins/xla_cuda12/__init__.py", line 328, in initialize
    _check_cuda_versions(raise_on_first_error=True)
  File "/global/common/software/desi/users/adematti/perlmutter/cosmodesiconda/20251214-1.0.0/conda/lib/python3.12/site-packages/jax_plugins/xla_cuda12/__init__.py", line 285, in _check_cuda_versions
    local_device_count = cuda_versions.cuda_device_count()
                         ^^^^^^^^^^^^^^^^^^^^^^^^^^^^^^^^^
RuntimeError: jaxlib/cuda/versions_helpers.cc:113: operation cuInit(0) failed: CUDA_ERROR_NO_DEVICE
ERROR:2026-01-06 03:23:51,750:jax._src.xla_bridge:477: Jax plugin configuration error: Exception when calling jax_plugins.xla_cuda12.initialize()
Traceback (most recent call last):
  File "/global/common/software/desi/users/adematti/perlmutter/cosmodesiconda/20251214-1.0.0/conda/lib/python3.12/site-packages/jax/_src/xla_bridge.py", line 475, in discover_pjrt_plugins
    plugin_module.initialize()
  File "/global/common/software/desi/users/adematti/perlmutter/cosmodesiconda/20251214-1.0.0/conda/lib/python3.12/site-packages/jax_plugins/xla_cuda12/__init__.py", line 328, in initialize
    _check_cuda_versions(raise_on_first_error=True)
  File "/global/common/software/desi/users/adematti/perlmutter/cosmodesiconda/20251214-1.0.0/conda/lib/python3.12/site-packages/jax_plugins/xla_cuda12/__init__.py", line 285, in _check_cuda_versions
    local_device_count = cuda_versions.cuda_device_count()
                         ^^^^^^^^^^^^^^^^^^^^^^^^^^^^^^^^^
RuntimeError: jaxlib/cuda/versions_helpers.cc:113: operation cuInit(0) failed: CUDA_ERROR_NO_DEVICE
ERROR:2026-01-06 03:23:51,753:jax._src.xla_bridge:477: Jax plugin configuration error: Exception when calling jax_plugins.xla_cuda12.initialize()
Traceback (most recent call last):
  File "/global/common/software/desi/users/adematti/perlmutter/cosmodesiconda/20251214-1.0.0/conda/lib/python3.12/site-packages/jax/_src/xla_bridge.py", line 475, in discover_pjrt_plugins
    plugin_module.initialize()
  File "/global/common/software/desi/users/adematti/perlmutter/cosmodesiconda/20251214-1.0.0/conda/lib/python3.12/site-packages/jax_plugins/xla_cuda12/__init__.py", line 328, in initialize
    _check_cuda_versions(raise_on_first_error=True)
  File "/global/common/software/desi/users/adematti/perlmutter/cosmodesiconda/20251214-1.0.0/conda/lib/python3.12/site-packages/jax_plugins/xla_cuda12/__init__.py", line 285, in _check_cuda_versions
    local_device_count = cuda_versions.cuda_device_count()
                         ^^^^^^^^^^^^^^^^^^^^^^^^^^^^^^^^^
RuntimeError: jaxlib/cuda/versions_helpers.cc:113: operation cuInit(0) failed: CUDA_ERROR_NO_DEVICE
ERROR:2026-01-06 03:23:51,754:jax._src.xla_bridge:477: Jax plugin configuration error: Exception when calling jax_plugins.xla_cuda12.initialize()
Traceback (most recent call last):
  File "/global/common/software/desi/users/adematti/perlmutter/cosmodesiconda/20251214-1.0.0/conda/lib/python3.12/site-packages/jax/_src/xla_bridge.py", line 475, in discover_pjrt_plugins
    plugin_module.initialize()
  File "/global/common/software/desi/users/adematti/perlmutter/cosmodesiconda/20251214-1.0.0/conda/lib/python3.12/site-packages/jax_plugins/xla_cuda12/__init__.py", line 328, in initialize
    _check_cuda_versions(raise_on_first_error=True)
  File "/global/common/software/desi/users/adematti/perlmutter/cosmodesiconda/20251214-1.0.0/conda/lib/python3.12/site-packages/jax_plugins/xla_cuda12/__init__.py", line 285, in _check_cuda_versions
    local_device_count = cuda_versions.cuda_device_count()
                         ^^^^^^^^^^^^^^^^^^^^^^^^^^^^^^^^^
RuntimeError: jaxlib/cuda/versions_helpers.cc:113: operation cuInit(0) failed: CUDA_ERROR_NO_DEVICE
ERROR:2026-01-06 03:23:51,754:jax._src.xla_bridge:477: Jax plugin configuration error: Exception when calling jax_plugins.xla_cuda12.initialize()
Traceback (most recent call last):
  File "/global/common/software/desi/users/adematti/perlmutter/cosmodesiconda/20251214-1.0.0/conda/lib/python3.12/site-packages/jax/_src/xla_bridge.py", line 475, in discover_pjrt_plugins
    plugin_module.initialize()
  File "/global/common/software/desi/users/adematti/perlmutter/cosmodesiconda/20251214-1.0.0/conda/lib/python3.12/site-packages/jax_plugins/xla_cuda12/__init__.py", line 328, in initialize
    _check_cuda_versions(raise_on_first_error=True)
  File "/global/common/software/desi/users/adematti/perlmutter/cosmodesiconda/20251214-1.0.0/conda/lib/python3.12/site-packages/jax_plugins/xla_cuda12/__init__.py", line 285, in _check_cuda_versions
    local_device_count = cuda_versions.cuda_device_count()
                         ^^^^^^^^^^^^^^^^^^^^^^^^^^^^^^^^^
RuntimeError: jaxlib/cuda/versions_helpers.cc:113: operation cuInit(0) failed: CUDA_ERROR_NO_DEVICE
ERROR:2026-01-06 03:23:51,754:jax._src.xla_bridge:477: Jax plugin configuration error: Exception when calling jax_plugins.xla_cuda12.initialize()
Traceback (most recent call last):
  File "/global/common/software/desi/users/adematti/perlmutter/cosmodesiconda/20251214-1.0.0/conda/lib/python3.12/site-packages/jax/_src/xla_bridge.py", line 475, in discover_pjrt_plugins
    plugin_module.initialize()
  File "/global/common/software/desi/users/adematti/perlmutter/cosmodesiconda/20251214-1.0.0/conda/lib/python3.12/site-packages/jax_plugins/xla_cuda12/__init__.py", line 328, in initialize
    _check_cuda_versions(raise_on_first_error=True)
  File "/global/common/software/desi/users/adematti/perlmutter/cosmodesiconda/20251214-1.0.0/conda/lib/python3.12/site-packages/jax_plugins/xla_cuda12/__init__.py", line 285, in _check_cuda_versions
    local_device_count = cuda_versions.cuda_device_count()
                         ^^^^^^^^^^^^^^^^^^^^^^^^^^^^^^^^^
RuntimeError: jaxlib/cuda/versions_helpers.cc:113: operation cuInit(0) failed: CUDA_ERROR_NO_DEVICE
ERROR:2026-01-06 03:23:51,757:jax._src.xla_bridge:477: Jax plugin configuration error: Exception when calling jax_plugins.xla_cuda12.initialize()
Traceback (most recent call last):
  File "/global/common/software/desi/users/adematti/perlmutter/cosmodesiconda/20251214-1.0.0/conda/lib/python3.12/site-packages/jax/_src/xla_bridge.py", line 475, in discover_pjrt_plugins
    plugin_module.initialize()
  File "/global/common/software/desi/users/adematti/perlmutter/cosmodesiconda/20251214-1.0.0/conda/lib/python3.12/site-packages/jax_plugins/xla_cuda12/__init__.py", line 328, in initialize
    _check_cuda_versions(raise_on_first_error=True)
  File "/global/common/software/desi/users/adematti/perlmutter/cosmodesiconda/20251214-1.0.0/conda/lib/python3.12/site-packages/jax_plugins/xla_cuda12/__init__.py", line 285, in _check_cuda_versions
    local_device_count = cuda_versions.cuda_device_count()
                         ^^^^^^^^^^^^^^^^^^^^^^^^^^^^^^^^^
RuntimeError: jaxlib/cuda/versions_helpers.cc:113: operation cuInit(0) failed: CUDA_ERROR_NO_DEVICE
ERROR:2026-01-06 03:23:51,760:jax._src.xla_bridge:477: Jax plugin configuration error: Exception when calling jax_plugins.xla_cuda12.initialize()
Traceback (most recent call last):
  File "/global/common/software/desi/users/adematti/perlmutter/cosmodesiconda/20251214-1.0.0/conda/lib/python3.12/site-packages/jax/_src/xla_bridge.py", line 475, in discover_pjrt_plugins
    plugin_module.initialize()
  File "/global/common/software/desi/users/adematti/perlmutter/cosmodesiconda/20251214-1.0.0/conda/lib/python3.12/site-packages/jax_plugins/xla_cuda12/__init__.py", line 328, in initialize
    _check_cuda_versions(raise_on_first_error=True)
  File "/global/common/software/desi/users/adematti/perlmutter/cosmodesiconda/20251214-1.0.0/conda/lib/python3.12/site-packages/jax_plugins/xla_cuda12/__init__.py", line 285, in _check_cuda_versions
    local_device_count = cuda_versions.cuda_device_count()
                         ^^^^^^^^^^^^^^^^^^^^^^^^^^^^^^^^^
RuntimeError: jaxlib/cuda/versions_helpers.cc:113: operation cuInit(0) failed: CUDA_ERROR_NO_DEVICE
ERROR:2026-01-06 03:23:51,761:jax._src.xla_bridge:477: Jax plugin configuration error: Exception when calling jax_plugins.xla_cuda12.initialize()
Traceback (most recent call last):
  File "/global/common/software/desi/users/adematti/perlmutter/cosmodesiconda/20251214-1.0.0/conda/lib/python3.12/site-packages/jax/_src/xla_bridge.py", line 475, in discover_pjrt_plugins
    plugin_module.initialize()
  File "/global/common/software/desi/users/adematti/perlmutter/cosmodesiconda/20251214-1.0.0/conda/lib/python3.12/site-packages/jax_plugins/xla_cuda12/__init__.py", line 328, in initialize
    _check_cuda_versions(raise_on_first_error=True)
  File "/global/common/software/desi/users/adematti/perlmutter/cosmodesiconda/20251214-1.0.0/conda/lib/python3.12/site-packages/jax_plugins/xla_cuda12/__init__.py", line 285, in _check_cuda_versions
    local_device_count = cuda_versions.cuda_device_count()
                         ^^^^^^^^^^^^^^^^^^^^^^^^^^^^^^^^^
RuntimeError: jaxlib/cuda/versions_helpers.cc:113: operation cuInit(0) failed: CUDA_ERROR_NO_DEVICE
ERROR:2026-01-06 03:23:51,762:jax._src.xla_bridge:477: Jax plugin configuration error: Exception when calling jax_plugins.xla_cuda12.initialize()
Traceback (most recent call last):
  File "/global/common/software/desi/users/adematti/perlmutter/cosmodesiconda/20251214-1.0.0/conda/lib/python3.12/site-packages/jax/_src/xla_bridge.py", line 475, in discover_pjrt_plugins
    plugin_module.initialize()
  File "/global/common/software/desi/users/adematti/perlmutter/cosmodesiconda/20251214-1.0.0/conda/lib/python3.12/site-packages/jax_plugins/xla_cuda12/__init__.py", line 328, in initialize
    _check_cuda_versions(raise_on_first_error=True)
  File "/global/common/software/desi/users/adematti/perlmutter/cosmodesiconda/20251214-1.0.0/conda/lib/python3.12/site-packages/jax_plugins/xla_cuda12/__init__.py", line 285, in _check_cuda_versions
    local_device_count = cuda_versions.cuda_device_count()
                         ^^^^^^^^^^^^^^^^^^^^^^^^^^^^^^^^^
RuntimeError: jaxlib/cuda/versions_helpers.cc:113: operation cuInit(0) failed: CUDA_ERROR_NO_DEVICE
ERROR:2026-01-06 03:23:51,763:jax._src.xla_bridge:477: Jax plugin configuration error: Exception when calling jax_plugins.xla_cuda12.initialize()
Traceback (most recent call last):
  File "/global/common/software/desi/users/adematti/perlmutter/cosmodesiconda/20251214-1.0.0/conda/lib/python3.12/site-packages/jax/_src/xla_bridge.py", line 475, in discover_pjrt_plugins
    plugin_module.initialize()
  File "/global/common/software/desi/users/adematti/perlmutter/cosmodesiconda/20251214-1.0.0/conda/lib/python3.12/site-packages/jax_plugins/xla_cuda12/__init__.py", line 328, in initialize
    _check_cuda_versions(raise_on_first_error=True)
  File "/global/common/software/desi/users/adematti/perlmutter/cosmodesiconda/20251214-1.0.0/conda/lib/python3.12/site-packages/jax_plugins/xla_cuda12/__init__.py", line 285, in _check_cuda_versions
    local_device_count = cuda_versions.cuda_device_count()
                         ^^^^^^^^^^^^^^^^^^^^^^^^^^^^^^^^^
RuntimeError: jaxlib/cuda/versions_helpers.cc:113: operation cuInit(0) failed: CUDA_ERROR_NO_DEVICE
ERROR:2026-01-06 03:23:51,763:jax._src.xla_bridge:477: Jax plugin configuration error: Exception when calling jax_plugins.xla_cuda12.initialize()
Traceback (most recent call last):
  File "/global/common/software/desi/users/adematti/perlmutter/cosmodesiconda/20251214-1.0.0/conda/lib/python3.12/site-packages/jax/_src/xla_bridge.py", line 475, in discover_pjrt_plugins
    plugin_module.initialize()
  File "/global/common/software/desi/users/adematti/perlmutter/cosmodesiconda/20251214-1.0.0/conda/lib/python3.12/site-packages/jax_plugins/xla_cuda12/__init__.py", line 328, in initialize
    _check_cuda_versions(raise_on_first_error=True)
  File "/global/common/software/desi/users/adematti/perlmutter/cosmodesiconda/20251214-1.0.0/conda/lib/python3.12/site-packages/jax_plugins/xla_cuda12/__init__.py", line 285, in _check_cuda_versions
    local_device_count = cuda_versions.cuda_device_count()
                         ^^^^^^^^^^^^^^^^^^^^^^^^^^^^^^^^^
RuntimeError: jaxlib/cuda/versions_helpers.cc:113: operation cuInit(0) failed: CUDA_ERROR_NO_DEVICE
ERROR:2026-01-06 03:23:51,773:jax._src.xla_bridge:477: Jax plugin configuration error: Exception when calling jax_plugins.xla_cuda12.initialize()
Traceback (most recent call last):
  File "/global/common/software/desi/users/adematti/perlmutter/cosmodesiconda/20251214-1.0.0/conda/lib/python3.12/site-packages/jax/_src/xla_bridge.py", line 475, in discover_pjrt_plugins
    plugin_module.initialize()
  File "/global/common/software/desi/users/adematti/perlmutter/cosmodesiconda/20251214-1.0.0/conda/lib/python3.12/site-packages/jax_plugins/xla_cuda12/__init__.py", line 328, in initialize
    _check_cuda_versions(raise_on_first_error=True)
  File "/global/common/software/desi/users/adematti/perlmutter/cosmodesiconda/20251214-1.0.0/conda/lib/python3.12/site-packages/jax_plugins/xla_cuda12/__init__.py", line 285, in _check_cuda_versions
    local_device_count = cuda_versions.cuda_device_count()
                         ^^^^^^^^^^^^^^^^^^^^^^^^^^^^^^^^^
RuntimeError: jaxlib/cuda/versions_helpers.cc:113: operation cuInit(0) failed: CUDA_ERROR_NO_DEVICE
ERROR:2026-01-06 03:23:51,774:jax._src.xla_bridge:477: Jax plugin configuration error: Exception when calling jax_plugins.xla_cuda12.initialize()
Traceback (most recent call last):
  File "/global/common/software/desi/users/adematti/perlmutter/cosmodesiconda/20251214-1.0.0/conda/lib/python3.12/site-packages/jax/_src/xla_bridge.py", line 475, in discover_pjrt_plugins
    plugin_module.initialize()
  File "/global/common/software/desi/users/adematti/perlmutter/cosmodesiconda/20251214-1.0.0/conda/lib/python3.12/site-packages/jax_plugins/xla_cuda12/__init__.py", line 328, in initialize
    _check_cuda_versions(raise_on_first_error=True)
  File "/global/common/software/desi/users/adematti/perlmutter/cosmodesiconda/20251214-1.0.0/conda/lib/python3.12/site-packages/jax_plugins/xla_cuda12/__init__.py", line 285, in _check_cuda_versions
    local_device_count = cuda_versions.cuda_device_count()
                         ^^^^^^^^^^^^^^^^^^^^^^^^^^^^^^^^^
RuntimeError: jaxlib/cuda/versions_helpers.cc:113: operation cuInit(0) failed: CUDA_ERROR_NO_DEVICE
ERROR:2026-01-06 03:23:51,776:jax._src.xla_bridge:477: Jax plugin configuration error: Exception when calling jax_plugins.xla_cuda12.initialize()
Traceback (most recent call last):
  File "/global/common/software/desi/users/adematti/perlmutter/cosmodesiconda/20251214-1.0.0/conda/lib/python3.12/site-packages/jax/_src/xla_bridge.py", line 475, in discover_pjrt_plugins
    plugin_module.initialize()
  File "/global/common/software/desi/users/adematti/perlmutter/cosmodesiconda/20251214-1.0.0/conda/lib/python3.12/site-packages/jax_plugins/xla_cuda12/__init__.py", line 328, in initialize
    _check_cuda_versions(raise_on_first_error=True)
  File "/global/common/software/desi/users/adematti/perlmutter/cosmodesiconda/20251214-1.0.0/conda/lib/python3.12/site-packages/jax_plugins/xla_cuda12/__init__.py", line 285, in _check_cuda_versions
    local_device_count = cuda_versions.cuda_device_count()
                         ^^^^^^^^^^^^^^^^^^^^^^^^^^^^^^^^^
RuntimeError: jaxlib/cuda/versions_helpers.cc:113: operation cuInit(0) failed: CUDA_ERROR_NO_DEVICE
ERROR:2026-01-06 03:23:51,778:jax._src.xla_bridge:477: Jax plugin configuration error: Exception when calling jax_plugins.xla_cuda12.initialize()
Traceback (most recent call last):
  File "/global/common/software/desi/users/adematti/perlmutter/cosmodesiconda/20251214-1.0.0/conda/lib/python3.12/site-packages/jax/_src/xla_bridge.py", line 475, in discover_pjrt_plugins
    plugin_module.initialize()
  File "/global/common/software/desi/users/adematti/perlmutter/cosmodesiconda/20251214-1.0.0/conda/lib/python3.12/site-packages/jax_plugins/xla_cuda12/__init__.py", line 328, in initialize
    _check_cuda_versions(raise_on_first_error=True)
  File "/global/common/software/desi/users/adematti/perlmutter/cosmodesiconda/20251214-1.0.0/conda/lib/python3.12/site-packages/jax_plugins/xla_cuda12/__init__.py", line 285, in _check_cuda_versions
    local_device_count = cuda_versions.cuda_device_count()
                         ^^^^^^^^^^^^^^^^^^^^^^^^^^^^^^^^^
RuntimeError: jaxlib/cuda/versions_helpers.cc:113: operation cuInit(0) failed: CUDA_ERROR_NO_DEVICE
ERROR:2026-01-06 03:23:51,778:jax._src.xla_bridge:477: Jax plugin configuration error: Exception when calling jax_plugins.xla_cuda12.initialize()
Traceback (most recent call last):
  File "/global/common/software/desi/users/adematti/perlmutter/cosmodesiconda/20251214-1.0.0/conda/lib/python3.12/site-packages/jax/_src/xla_bridge.py", line 475, in discover_pjrt_plugins
    plugin_module.initialize()
  File "/global/common/software/desi/users/adematti/perlmutter/cosmodesiconda/20251214-1.0.0/conda/lib/python3.12/site-packages/jax_plugins/xla_cuda12/__init__.py", line 328, in initialize
    _check_cuda_versions(raise_on_first_error=True)
  File "/global/common/software/desi/users/adematti/perlmutter/cosmodesiconda/20251214-1.0.0/conda/lib/python3.12/site-packages/jax_plugins/xla_cuda12/__init__.py", line 285, in _check_cuda_versions
    local_device_count = cuda_versions.cuda_device_count()
                         ^^^^^^^^^^^^^^^^^^^^^^^^^^^^^^^^^
RuntimeError: jaxlib/cuda/versions_helpers.cc:113: operation cuInit(0) failed: CUDA_ERROR_NO_DEVICE
ERROR:2026-01-06 03:23:51,779:jax._src.xla_bridge:477: Jax plugin configuration error: Exception when calling jax_plugins.xla_cuda12.initialize()
Traceback (most recent call last):
  File "/global/common/software/desi/users/adematti/perlmutter/cosmodesiconda/20251214-1.0.0/conda/lib/python3.12/site-packages/jax/_src/xla_bridge.py", line 475, in discover_pjrt_plugins
    plugin_module.initialize()
  File "/global/common/software/desi/users/adematti/perlmutter/cosmodesiconda/20251214-1.0.0/conda/lib/python3.12/site-packages/jax_plugins/xla_cuda12/__init__.py", line 328, in initialize
    _check_cuda_versions(raise_on_first_error=True)
  File "/global/common/software/desi/users/adematti/perlmutter/cosmodesiconda/20251214-1.0.0/conda/lib/python3.12/site-packages/jax_plugins/xla_cuda12/__init__.py", line 285, in _check_cuda_versions
    local_device_count = cuda_versions.cuda_device_count()
                         ^^^^^^^^^^^^^^^^^^^^^^^^^^^^^^^^^
RuntimeError: jaxlib/cuda/versions_helpers.cc:113: operation cuInit(0) failed: CUDA_ERROR_NO_DEVICE
ERROR:2026-01-06 03:23:51,780:jax._src.xla_bridge:477: Jax plugin configuration error: Exception when calling jax_plugins.xla_cuda12.initialize()
Traceback (most recent call last):
  File "/global/common/software/desi/users/adematti/perlmutter/cosmodesiconda/20251214-1.0.0/conda/lib/python3.12/site-packages/jax/_src/xla_bridge.py", line 475, in discover_pjrt_plugins
    plugin_module.initialize()
  File "/global/common/software/desi/users/adematti/perlmutter/cosmodesiconda/20251214-1.0.0/conda/lib/python3.12/site-packages/jax_plugins/xla_cuda12/__init__.py", line 328, in initialize
    _check_cuda_versions(raise_on_first_error=True)
  File "/global/common/software/desi/users/adematti/perlmutter/cosmodesiconda/20251214-1.0.0/conda/lib/python3.12/site-packages/jax_plugins/xla_cuda12/__init__.py", line 285, in _check_cuda_versions
    local_device_count = cuda_versions.cuda_device_count()
                         ^^^^^^^^^^^^^^^^^^^^^^^^^^^^^^^^^
RuntimeError: jaxlib/cuda/versions_helpers.cc:113: operation cuInit(0) failed: CUDA_ERROR_NO_DEVICE
ERROR:2026-01-06 03:23:51,782:jax._src.xla_bridge:477: Jax plugin configuration error: Exception when calling jax_plugins.xla_cuda12.initialize()
Traceback (most recent call last):
  File "/global/common/software/desi/users/adematti/perlmutter/cosmodesiconda/20251214-1.0.0/conda/lib/python3.12/site-packages/jax/_src/xla_bridge.py", line 475, in discover_pjrt_plugins
    plugin_module.initialize()
  File "/global/common/software/desi/users/adematti/perlmutter/cosmodesiconda/20251214-1.0.0/conda/lib/python3.12/site-packages/jax_plugins/xla_cuda12/__init__.py", line 328, in initialize
    _check_cuda_versions(raise_on_first_error=True)
  File "/global/common/software/desi/users/adematti/perlmutter/cosmodesiconda/20251214-1.0.0/conda/lib/python3.12/site-packages/jax_plugins/xla_cuda12/__init__.py", line 285, in _check_cuda_versions
    local_device_count = cuda_versions.cuda_device_count()
                         ^^^^^^^^^^^^^^^^^^^^^^^^^^^^^^^^^
RuntimeError: jaxlib/cuda/versions_helpers.cc:113: operation cuInit(0) failed: CUDA_ERROR_NO_DEVICE
ERROR:2026-01-06 03:23:51,782:jax._src.xla_bridge:477: Jax plugin configuration error: Exception when calling jax_plugins.xla_cuda12.initialize()
Traceback (most recent call last):
  File "/global/common/software/desi/users/adematti/perlmutter/cosmodesiconda/20251214-1.0.0/conda/lib/python3.12/site-packages/jax/_src/xla_bridge.py", line 475, in discover_pjrt_plugins
    plugin_module.initialize()
  File "/global/common/software/desi/users/adematti/perlmutter/cosmodesiconda/20251214-1.0.0/conda/lib/python3.12/site-packages/jax_plugins/xla_cuda12/__init__.py", line 328, in initialize
    _check_cuda_versions(raise_on_first_error=True)
  File "/global/common/software/desi/users/adematti/perlmutter/cosmodesiconda/20251214-1.0.0/conda/lib/python3.12/site-packages/jax_plugins/xla_cuda12/__init__.py", line 285, in _check_cuda_versions
    local_device_count = cuda_versions.cuda_device_count()
                         ^^^^^^^^^^^^^^^^^^^^^^^^^^^^^^^^^
RuntimeError: jaxlib/cuda/versions_helpers.cc:113: operation cuInit(0) failed: CUDA_ERROR_NO_DEVICE
ERROR:2026-01-06 03:23:51,786:jax._src.xla_bridge:477: Jax plugin configuration error: Exception when calling jax_plugins.xla_cuda12.initialize()
Traceback (most recent call last):
  File "/global/common/software/desi/users/adematti/perlmutter/cosmodesiconda/20251214-1.0.0/conda/lib/python3.12/site-packages/jax/_src/xla_bridge.py", line 475, in discover_pjrt_plugins
    plugin_module.initialize()
  File "/global/common/software/desi/users/adematti/perlmutter/cosmodesiconda/20251214-1.0.0/conda/lib/python3.12/site-packages/jax_plugins/xla_cuda12/__init__.py", line 328, in initialize
    _check_cuda_versions(raise_on_first_error=True)
  File "/global/common/software/desi/users/adematti/perlmutter/cosmodesiconda/20251214-1.0.0/conda/lib/python3.12/site-packages/jax_plugins/xla_cuda12/__init__.py", line 285, in _check_cuda_versions
    local_device_count = cuda_versions.cuda_device_count()
                         ^^^^^^^^^^^^^^^^^^^^^^^^^^^^^^^^^
RuntimeError: jaxlib/cuda/versions_helpers.cc:113: operation cuInit(0) failed: CUDA_ERROR_NO_DEVICE
ERROR:2026-01-06 03:23:51,788:jax._src.xla_bridge:477: Jax plugin configuration error: Exception when calling jax_plugins.xla_cuda12.initialize()
Traceback (most recent call last):
  File "/global/common/software/desi/users/adematti/perlmutter/cosmodesiconda/20251214-1.0.0/conda/lib/python3.12/site-packages/jax/_src/xla_bridge.py", line 475, in discover_pjrt_plugins
    plugin_module.initialize()
  File "/global/common/software/desi/users/adematti/perlmutter/cosmodesiconda/20251214-1.0.0/conda/lib/python3.12/site-packages/jax_plugins/xla_cuda12/__init__.py", line 328, in initialize
    _check_cuda_versions(raise_on_first_error=True)
  File "/global/common/software/desi/users/adematti/perlmutter/cosmodesiconda/20251214-1.0.0/conda/lib/python3.12/site-packages/jax_plugins/xla_cuda12/__init__.py", line 285, in _check_cuda_versions
    local_device_count = cuda_versions.cuda_device_count()
                         ^^^^^^^^^^^^^^^^^^^^^^^^^^^^^^^^^
RuntimeError: jaxlib/cuda/versions_helpers.cc:113: operation cuInit(0) failed: CUDA_ERROR_NO_DEVICE
ERROR:2026-01-06 03:23:51,792:jax._src.xla_bridge:477: Jax plugin configuration error: Exception when calling jax_plugins.xla_cuda12.initialize()
Traceback (most recent call last):
  File "/global/common/software/desi/users/adematti/perlmutter/cosmodesiconda/20251214-1.0.0/conda/lib/python3.12/site-packages/jax/_src/xla_bridge.py", line 475, in discover_pjrt_plugins
    plugin_module.initialize()
  File "/global/common/software/desi/users/adematti/perlmutter/cosmodesiconda/20251214-1.0.0/conda/lib/python3.12/site-packages/jax_plugins/xla_cuda12/__init__.py", line 328, in initialize
    _check_cuda_versions(raise_on_first_error=True)
  File "/global/common/software/desi/users/adematti/perlmutter/cosmodesiconda/20251214-1.0.0/conda/lib/python3.12/site-packages/jax_plugins/xla_cuda12/__init__.py", line 285, in _check_cuda_versions
    local_device_count = cuda_versions.cuda_device_count()
                         ^^^^^^^^^^^^^^^^^^^^^^^^^^^^^^^^^
RuntimeError: jaxlib/cuda/versions_helpers.cc:113: operation cuInit(0) failed: CUDA_ERROR_NO_DEVICE
ERROR:2026-01-06 03:23:51,792:jax._src.xla_bridge:477: Jax plugin configuration error: Exception when calling jax_plugins.xla_cuda12.initialize()
Traceback (most recent call last):
  File "/global/common/software/desi/users/adematti/perlmutter/cosmodesiconda/20251214-1.0.0/conda/lib/python3.12/site-packages/jax/_src/xla_bridge.py", line 475, in discover_pjrt_plugins
    plugin_module.initialize()
  File "/global/common/software/desi/users/adematti/perlmutter/cosmodesiconda/20251214-1.0.0/conda/lib/python3.12/site-packages/jax_plugins/xla_cuda12/__init__.py", line 328, in initialize
    _check_cuda_versions(raise_on_first_error=True)
  File "/global/common/software/desi/users/adematti/perlmutter/cosmodesiconda/20251214-1.0.0/conda/lib/python3.12/site-packages/jax_plugins/xla_cuda12/__init__.py", line 285, in _check_cuda_versions
    local_device_count = cuda_versions.cuda_device_count()
                         ^^^^^^^^^^^^^^^^^^^^^^^^^^^^^^^^^
RuntimeError: jaxlib/cuda/versions_helpers.cc:113: operation cuInit(0) failed: CUDA_ERROR_NO_DEVICE
ERROR:2026-01-06 03:23:51,792:jax._src.xla_bridge:477: Jax plugin configuration error: Exception when calling jax_plugins.xla_cuda12.initialize()
Traceback (most recent call last):
  File "/global/common/software/desi/users/adematti/perlmutter/cosmodesiconda/20251214-1.0.0/conda/lib/python3.12/site-packages/jax/_src/xla_bridge.py", line 475, in discover_pjrt_plugins
    plugin_module.initialize()
  File "/global/common/software/desi/users/adematti/perlmutter/cosmodesiconda/20251214-1.0.0/conda/lib/python3.12/site-packages/jax_plugins/xla_cuda12/__init__.py", line 328, in initialize
    _check_cuda_versions(raise_on_first_error=True)
  File "/global/common/software/desi/users/adematti/perlmutter/cosmodesiconda/20251214-1.0.0/conda/lib/python3.12/site-packages/jax_plugins/xla_cuda12/__init__.py", line 285, in _check_cuda_versions
    local_device_count = cuda_versions.cuda_device_count()
                         ^^^^^^^^^^^^^^^^^^^^^^^^^^^^^^^^^
RuntimeError: jaxlib/cuda/versions_helpers.cc:113: operation cuInit(0) failed: CUDA_ERROR_NO_DEVICE
ERROR:2026-01-06 03:23:51,798:jax._src.xla_bridge:477: Jax plugin configuration error: Exception when calling jax_plugins.xla_cuda12.initialize()
Traceback (most recent call last):
  File "/global/common/software/desi/users/adematti/perlmutter/cosmodesiconda/20251214-1.0.0/conda/lib/python3.12/site-packages/jax/_src/xla_bridge.py", line 475, in discover_pjrt_plugins
    plugin_module.initialize()
  File "/global/common/software/desi/users/adematti/perlmutter/cosmodesiconda/20251214-1.0.0/conda/lib/python3.12/site-packages/jax_plugins/xla_cuda12/__init__.py", line 328, in initialize
    _check_cuda_versions(raise_on_first_error=True)
  File "/global/common/software/desi/users/adematti/perlmutter/cosmodesiconda/20251214-1.0.0/conda/lib/python3.12/site-packages/jax_plugins/xla_cuda12/__init__.py", line 285, in _check_cuda_versions
    local_device_count = cuda_versions.cuda_device_count()
                         ^^^^^^^^^^^^^^^^^^^^^^^^^^^^^^^^^
RuntimeError: jaxlib/cuda/versions_helpers.cc:113: operation cuInit(0) failed: CUDA_ERROR_NO_DEVICE
ERROR:2026-01-06 03:23:51,800:jax._src.xla_bridge:477: Jax plugin configuration error: Exception when calling jax_plugins.xla_cuda12.initialize()
Traceback (most recent call last):
  File "/global/common/software/desi/users/adematti/perlmutter/cosmodesiconda/20251214-1.0.0/conda/lib/python3.12/site-packages/jax/_src/xla_bridge.py", line 475, in discover_pjrt_plugins
    plugin_module.initialize()
  File "/global/common/software/desi/users/adematti/perlmutter/cosmodesiconda/20251214-1.0.0/conda/lib/python3.12/site-packages/jax_plugins/xla_cuda12/__init__.py", line 328, in initialize
    _check_cuda_versions(raise_on_first_error=True)
  File "/global/common/software/desi/users/adematti/perlmutter/cosmodesiconda/20251214-1.0.0/conda/lib/python3.12/site-packages/jax_plugins/xla_cuda12/__init__.py", line 285, in _check_cuda_versions
    local_device_count = cuda_versions.cuda_device_count()
                         ^^^^^^^^^^^^^^^^^^^^^^^^^^^^^^^^^
RuntimeError: jaxlib/cuda/versions_helpers.cc:113: operation cuInit(0) failed: CUDA_ERROR_NO_DEVICE
ERROR:2026-01-06 03:23:51,801:jax._src.xla_bridge:477: Jax plugin configuration error: Exception when calling jax_plugins.xla_cuda12.initialize()
Traceback (most recent call last):
  File "/global/common/software/desi/users/adematti/perlmutter/cosmodesiconda/20251214-1.0.0/conda/lib/python3.12/site-packages/jax/_src/xla_bridge.py", line 475, in discover_pjrt_plugins
    plugin_module.initialize()
  File "/global/common/software/desi/users/adematti/perlmutter/cosmodesiconda/20251214-1.0.0/conda/lib/python3.12/site-packages/jax_plugins/xla_cuda12/__init__.py", line 328, in initialize
    _check_cuda_versions(raise_on_first_error=True)
  File "/global/common/software/desi/users/adematti/perlmutter/cosmodesiconda/20251214-1.0.0/conda/lib/python3.12/site-packages/jax_plugins/xla_cuda12/__init__.py", line 285, in _check_cuda_versions
    local_device_count = cuda_versions.cuda_device_count()
                         ^^^^^^^^^^^^^^^^^^^^^^^^^^^^^^^^^
RuntimeError: jaxlib/cuda/versions_helpers.cc:113: operation cuInit(0) failed: CUDA_ERROR_NO_DEVICE
ERROR:2026-01-06 03:23:51,803:jax._src.xla_bridge:477: Jax plugin configuration error: Exception when calling jax_plugins.xla_cuda12.initialize()
Traceback (most recent call last):
  File "/global/common/software/desi/users/adematti/perlmutter/cosmodesiconda/20251214-1.0.0/conda/lib/python3.12/site-packages/jax/_src/xla_bridge.py", line 475, in discover_pjrt_plugins
    plugin_module.initialize()
  File "/global/common/software/desi/users/adematti/perlmutter/cosmodesiconda/20251214-1.0.0/conda/lib/python3.12/site-packages/jax_plugins/xla_cuda12/__init__.py", line 328, in initialize
    _check_cuda_versions(raise_on_first_error=True)
  File "/global/common/software/desi/users/adematti/perlmutter/cosmodesiconda/20251214-1.0.0/conda/lib/python3.12/site-packages/jax_plugins/xla_cuda12/__init__.py", line 285, in _check_cuda_versions
    local_device_count = cuda_versions.cuda_device_count()
                         ^^^^^^^^^^^^^^^^^^^^^^^^^^^^^^^^^
RuntimeError: jaxlib/cuda/versions_helpers.cc:113: operation cuInit(0) failed: CUDA_ERROR_NO_DEVICE
ERROR:2026-01-06 03:23:51,803:jax._src.xla_bridge:477: Jax plugin configuration error: Exception when calling jax_plugins.xla_cuda12.initialize()
Traceback (most recent call last):
  File "/global/common/software/desi/users/adematti/perlmutter/cosmodesiconda/20251214-1.0.0/conda/lib/python3.12/site-packages/jax/_src/xla_bridge.py", line 475, in discover_pjrt_plugins
    plugin_module.initialize()
  File "/global/common/software/desi/users/adematti/perlmutter/cosmodesiconda/20251214-1.0.0/conda/lib/python3.12/site-packages/jax_plugins/xla_cuda12/__init__.py", line 328, in initialize
    _check_cuda_versions(raise_on_first_error=True)
  File "/global/common/software/desi/users/adematti/perlmutter/cosmodesiconda/20251214-1.0.0/conda/lib/python3.12/site-packages/jax_plugins/xla_cuda12/__init__.py", line 285, in _check_cuda_versions
    local_device_count = cuda_versions.cuda_device_count()
                         ^^^^^^^^^^^^^^^^^^^^^^^^^^^^^^^^^
RuntimeError: jaxlib/cuda/versions_helpers.cc:113: operation cuInit(0) failed: CUDA_ERROR_NO_DEVICE
ERROR:2026-01-06 03:23:51,803:jax._src.xla_bridge:477: Jax plugin configuration error: Exception when calling jax_plugins.xla_cuda12.initialize()
Traceback (most recent call last):
  File "/global/common/software/desi/users/adematti/perlmutter/cosmodesiconda/20251214-1.0.0/conda/lib/python3.12/site-packages/jax/_src/xla_bridge.py", line 475, in discover_pjrt_plugins
    plugin_module.initialize()
  File "/global/common/software/desi/users/adematti/perlmutter/cosmodesiconda/20251214-1.0.0/conda/lib/python3.12/site-packages/jax_plugins/xla_cuda12/__init__.py", line 328, in initialize
    _check_cuda_versions(raise_on_first_error=True)
  File "/global/common/software/desi/users/adematti/perlmutter/cosmodesiconda/20251214-1.0.0/conda/lib/python3.12/site-packages/jax_plugins/xla_cuda12/__init__.py", line 285, in _check_cuda_versions
    local_device_count = cuda_versions.cuda_device_count()
                         ^^^^^^^^^^^^^^^^^^^^^^^^^^^^^^^^^
RuntimeError: jaxlib/cuda/versions_helpers.cc:113: operation cuInit(0) failed: CUDA_ERROR_NO_DEVICE
ERROR:2026-01-06 03:23:51,804:jax._src.xla_bridge:477: Jax plugin configuration error: Exception when calling jax_plugins.xla_cuda12.initialize()
Traceback (most recent call last):
  File "/global/common/software/desi/users/adematti/perlmutter/cosmodesiconda/20251214-1.0.0/conda/lib/python3.12/site-packages/jax/_src/xla_bridge.py", line 475, in discover_pjrt_plugins
    plugin_module.initialize()
  File "/global/common/software/desi/users/adematti/perlmutter/cosmodesiconda/20251214-1.0.0/conda/lib/python3.12/site-packages/jax_plugins/xla_cuda12/__init__.py", line 328, in initialize
    _check_cuda_versions(raise_on_first_error=True)
  File "/global/common/software/desi/users/adematti/perlmutter/cosmodesiconda/20251214-1.0.0/conda/lib/python3.12/site-packages/jax_plugins/xla_cuda12/__init__.py", line 285, in _check_cuda_versions
    local_device_count = cuda_versions.cuda_device_count()
                         ^^^^^^^^^^^^^^^^^^^^^^^^^^^^^^^^^
RuntimeError: jaxlib/cuda/versions_helpers.cc:113: operation cuInit(0) failed: CUDA_ERROR_NO_DEVICE
ERROR:2026-01-06 03:23:51,803:jax._src.xla_bridge:477: Jax plugin configuration error: Exception when calling jax_plugins.xla_cuda12.initialize()
Traceback (most recent call last):
  File "/global/common/software/desi/users/adematti/perlmutter/cosmodesiconda/20251214-1.0.0/conda/lib/python3.12/site-packages/jax/_src/xla_bridge.py", line 475, in discover_pjrt_plugins
    plugin_module.initialize()
  File "/global/common/software/desi/users/adematti/perlmutter/cosmodesiconda/20251214-1.0.0/conda/lib/python3.12/site-packages/jax_plugins/xla_cuda12/__init__.py", line 328, in initialize
    _check_cuda_versions(raise_on_first_error=True)
  File "/global/common/software/desi/users/adematti/perlmutter/cosmodesiconda/20251214-1.0.0/conda/lib/python3.12/site-packages/jax_plugins/xla_cuda12/__init__.py", line 285, in _check_cuda_versions
    local_device_count = cuda_versions.cuda_device_count()
                         ^^^^^^^^^^^^^^^^^^^^^^^^^^^^^^^^^
RuntimeError: jaxlib/cuda/versions_helpers.cc:113: operation cuInit(0) failed: CUDA_ERROR_NO_DEVICE
ERROR:2026-01-06 03:23:51,807:jax._src.xla_bridge:477: Jax plugin configuration error: Exception when calling jax_plugins.xla_cuda12.initialize()
Traceback (most recent call last):
  File "/global/common/software/desi/users/adematti/perlmutter/cosmodesiconda/20251214-1.0.0/conda/lib/python3.12/site-packages/jax/_src/xla_bridge.py", line 475, in discover_pjrt_plugins
    plugin_module.initialize()
  File "/global/common/software/desi/users/adematti/perlmutter/cosmodesiconda/20251214-1.0.0/conda/lib/python3.12/site-packages/jax_plugins/xla_cuda12/__init__.py", line 328, in initialize
    _check_cuda_versions(raise_on_first_error=True)
  File "/global/common/software/desi/users/adematti/perlmutter/cosmodesiconda/20251214-1.0.0/conda/lib/python3.12/site-packages/jax_plugins/xla_cuda12/__init__.py", line 285, in _check_cuda_versions
    local_device_count = cuda_versions.cuda_device_count()
                         ^^^^^^^^^^^^^^^^^^^^^^^^^^^^^^^^^
RuntimeError: jaxlib/cuda/versions_helpers.cc:113: operation cuInit(0) failed: CUDA_ERROR_NO_DEVICE
ERROR:2026-01-06 03:23:51,809:jax._src.xla_bridge:477: Jax plugin configuration error: Exception when calling jax_plugins.xla_cuda12.initialize()
Traceback (most recent call last):
  File "/global/common/software/desi/users/adematti/perlmutter/cosmodesiconda/20251214-1.0.0/conda/lib/python3.12/site-packages/jax/_src/xla_bridge.py", line 475, in discover_pjrt_plugins
    plugin_module.initialize()
  File "/global/common/software/desi/users/adematti/perlmutter/cosmodesiconda/20251214-1.0.0/conda/lib/python3.12/site-packages/jax_plugins/xla_cuda12/__init__.py", line 328, in initialize
    _check_cuda_versions(raise_on_first_error=True)
  File "/global/common/software/desi/users/adematti/perlmutter/cosmodesiconda/20251214-1.0.0/conda/lib/python3.12/site-packages/jax_plugins/xla_cuda12/__init__.py", line 285, in _check_cuda_versions
    local_device_count = cuda_versions.cuda_device_count()
                         ^^^^^^^^^^^^^^^^^^^^^^^^^^^^^^^^^
RuntimeError: jaxlib/cuda/versions_helpers.cc:113: operation cuInit(0) failed: CUDA_ERROR_NO_DEVICE
ERROR:2026-01-06 03:23:51,808:jax._src.xla_bridge:477: Jax plugin configuration error: Exception when calling jax_plugins.xla_cuda12.initialize()
Traceback (most recent call last):
  File "/global/common/software/desi/users/adematti/perlmutter/cosmodesiconda/20251214-1.0.0/conda/lib/python3.12/site-packages/jax/_src/xla_bridge.py", line 475, in discover_pjrt_plugins
    plugin_module.initialize()
  File "/global/common/software/desi/users/adematti/perlmutter/cosmodesiconda/20251214-1.0.0/conda/lib/python3.12/site-packages/jax_plugins/xla_cuda12/__init__.py", line 328, in initialize
    _check_cuda_versions(raise_on_first_error=True)
  File "/global/common/software/desi/users/adematti/perlmutter/cosmodesiconda/20251214-1.0.0/conda/lib/python3.12/site-packages/jax_plugins/xla_cuda12/__init__.py", line 285, in _check_cuda_versions
    local_device_count = cuda_versions.cuda_device_count()
                         ^^^^^^^^^^^^^^^^^^^^^^^^^^^^^^^^^
RuntimeError: jaxlib/cuda/versions_helpers.cc:113: operation cuInit(0) failed: CUDA_ERROR_NO_DEVICE
ERROR:2026-01-06 03:23:51,810:jax._src.xla_bridge:477: Jax plugin configuration error: Exception when calling jax_plugins.xla_cuda12.initialize()
Traceback (most recent call last):
  File "/global/common/software/desi/users/adematti/perlmutter/cosmodesiconda/20251214-1.0.0/conda/lib/python3.12/site-packages/jax/_src/xla_bridge.py", line 475, in discover_pjrt_plugins
    plugin_module.initialize()
  File "/global/common/software/desi/users/adematti/perlmutter/cosmodesiconda/20251214-1.0.0/conda/lib/python3.12/site-packages/jax_plugins/xla_cuda12/__init__.py", line 328, in initialize
    _check_cuda_versions(raise_on_first_error=True)
  File "/global/common/software/desi/users/adematti/perlmutter/cosmodesiconda/20251214-1.0.0/conda/lib/python3.12/site-packages/jax_plugins/xla_cuda12/__init__.py", line 285, in _check_cuda_versions
    local_device_count = cuda_versions.cuda_device_count()
                         ^^^^^^^^^^^^^^^^^^^^^^^^^^^^^^^^^
RuntimeError: jaxlib/cuda/versions_helpers.cc:113: operation cuInit(0) failed: CUDA_ERROR_NO_DEVICE
ERROR:2026-01-06 03:23:51,810:jax._src.xla_bridge:477: Jax plugin configuration error: Exception when calling jax_plugins.xla_cuda12.initialize()
Traceback (most recent call last):
  File "/global/common/software/desi/users/adematti/perlmutter/cosmodesiconda/20251214-1.0.0/conda/lib/python3.12/site-packages/jax/_src/xla_bridge.py", line 475, in discover_pjrt_plugins
    plugin_module.initialize()
  File "/global/common/software/desi/users/adematti/perlmutter/cosmodesiconda/20251214-1.0.0/conda/lib/python3.12/site-packages/jax_plugins/xla_cuda12/__init__.py", line 328, in initialize
    _check_cuda_versions(raise_on_first_error=True)
  File "/global/common/software/desi/users/adematti/perlmutter/cosmodesiconda/20251214-1.0.0/conda/lib/python3.12/site-packages/jax_plugins/xla_cuda12/__init__.py", line 285, in _check_cuda_versions
    local_device_count = cuda_versions.cuda_device_count()
                         ^^^^^^^^^^^^^^^^^^^^^^^^^^^^^^^^^
RuntimeError: jaxlib/cuda/versions_helpers.cc:113: operation cuInit(0) failed: CUDA_ERROR_NO_DEVICE
ERROR:2026-01-06 03:23:51,810:jax._src.xla_bridge:477: Jax plugin configuration error: Exception when calling jax_plugins.xla_cuda12.initialize()
Traceback (most recent call last):
  File "/global/common/software/desi/users/adematti/perlmutter/cosmodesiconda/20251214-1.0.0/conda/lib/python3.12/site-packages/jax/_src/xla_bridge.py", line 475, in discover_pjrt_plugins
    plugin_module.initialize()
  File "/global/common/software/desi/users/adematti/perlmutter/cosmodesiconda/20251214-1.0.0/conda/lib/python3.12/site-packages/jax_plugins/xla_cuda12/__init__.py", line 328, in initialize
    _check_cuda_versions(raise_on_first_error=True)
  File "/global/common/software/desi/users/adematti/perlmutter/cosmodesiconda/20251214-1.0.0/conda/lib/python3.12/site-packages/jax_plugins/xla_cuda12/__init__.py", line 285, in _check_cuda_versions
    local_device_count = cuda_versions.cuda_device_count()
                         ^^^^^^^^^^^^^^^^^^^^^^^^^^^^^^^^^
RuntimeError: jaxlib/cuda/versions_helpers.cc:113: operation cuInit(0) failed: CUDA_ERROR_NO_DEVICE
ERROR:2026-01-06 03:23:51,810:jax._src.xla_bridge:477: Jax plugin configuration error: Exception when calling jax_plugins.xla_cuda12.initialize()
Traceback (most recent call last):
  File "/global/common/software/desi/users/adematti/perlmutter/cosmodesiconda/20251214-1.0.0/conda/lib/python3.12/site-packages/jax/_src/xla_bridge.py", line 475, in discover_pjrt_plugins
    plugin_module.initialize()
  File "/global/common/software/desi/users/adematti/perlmutter/cosmodesiconda/20251214-1.0.0/conda/lib/python3.12/site-packages/jax_plugins/xla_cuda12/__init__.py", line 328, in initialize
    _check_cuda_versions(raise_on_first_error=True)
  File "/global/common/software/desi/users/adematti/perlmutter/cosmodesiconda/20251214-1.0.0/conda/lib/python3.12/site-packages/jax_plugins/xla_cuda12/__init__.py", line 285, in _check_cuda_versions
    local_device_count = cuda_versions.cuda_device_count()
                         ^^^^^^^^^^^^^^^^^^^^^^^^^^^^^^^^^
RuntimeError: jaxlib/cuda/versions_helpers.cc:113: operation cuInit(0) failed: CUDA_ERROR_NO_DEVICE
ERROR:2026-01-06 03:23:51,810:jax._src.xla_bridge:477: Jax plugin configuration error: Exception when calling jax_plugins.xla_cuda12.initialize()
Traceback (most recent call last):
  File "/global/common/software/desi/users/adematti/perlmutter/cosmodesiconda/20251214-1.0.0/conda/lib/python3.12/site-packages/jax/_src/xla_bridge.py", line 475, in discover_pjrt_plugins
    plugin_module.initialize()
  File "/global/common/software/desi/users/adematti/perlmutter/cosmodesiconda/20251214-1.0.0/conda/lib/python3.12/site-packages/jax_plugins/xla_cuda12/__init__.py", line 328, in initialize
    _check_cuda_versions(raise_on_first_error=True)
  File "/global/common/software/desi/users/adematti/perlmutter/cosmodesiconda/20251214-1.0.0/conda/lib/python3.12/site-packages/jax_plugins/xla_cuda12/__init__.py", line 285, in _check_cuda_versions
    local_device_count = cuda_versions.cuda_device_count()
                         ^^^^^^^^^^^^^^^^^^^^^^^^^^^^^^^^^
RuntimeError: jaxlib/cuda/versions_helpers.cc:113: operation cuInit(0) failed: CUDA_ERROR_NO_DEVICE
ERROR:2026-01-06 03:23:51,812:jax._src.xla_bridge:477: Jax plugin configuration error: Exception when calling jax_plugins.xla_cuda12.initialize()
Traceback (most recent call last):
  File "/global/common/software/desi/users/adematti/perlmutter/cosmodesiconda/20251214-1.0.0/conda/lib/python3.12/site-packages/jax/_src/xla_bridge.py", line 475, in discover_pjrt_plugins
    plugin_module.initialize()
  File "/global/common/software/desi/users/adematti/perlmutter/cosmodesiconda/20251214-1.0.0/conda/lib/python3.12/site-packages/jax_plugins/xla_cuda12/__init__.py", line 328, in initialize
    _check_cuda_versions(raise_on_first_error=True)
  File "/global/common/software/desi/users/adematti/perlmutter/cosmodesiconda/20251214-1.0.0/conda/lib/python3.12/site-packages/jax_plugins/xla_cuda12/__init__.py", line 285, in _check_cuda_versions
    local_device_count = cuda_versions.cuda_device_count()
                         ^^^^^^^^^^^^^^^^^^^^^^^^^^^^^^^^^
RuntimeError: jaxlib/cuda/versions_helpers.cc:113: operation cuInit(0) failed: CUDA_ERROR_NO_DEVICE
ERROR:2026-01-06 03:23:51,812:jax._src.xla_bridge:477: Jax plugin configuration error: Exception when calling jax_plugins.xla_cuda12.initialize()
Traceback (most recent call last):
  File "/global/common/software/desi/users/adematti/perlmutter/cosmodesiconda/20251214-1.0.0/conda/lib/python3.12/site-packages/jax/_src/xla_bridge.py", line 475, in discover_pjrt_plugins
    plugin_module.initialize()
  File "/global/common/software/desi/users/adematti/perlmutter/cosmodesiconda/20251214-1.0.0/conda/lib/python3.12/site-packages/jax_plugins/xla_cuda12/__init__.py", line 328, in initialize
    _check_cuda_versions(raise_on_first_error=True)
  File "/global/common/software/desi/users/adematti/perlmutter/cosmodesiconda/20251214-1.0.0/conda/lib/python3.12/site-packages/jax_plugins/xla_cuda12/__init__.py", line 285, in _check_cuda_versions
    local_device_count = cuda_versions.cuda_device_count()
                         ^^^^^^^^^^^^^^^^^^^^^^^^^^^^^^^^^
RuntimeError: jaxlib/cuda/versions_helpers.cc:113: operation cuInit(0) failed: CUDA_ERROR_NO_DEVICE
ERROR:2026-01-06 03:23:51,811:jax._src.xla_bridge:477: Jax plugin configuration error: Exception when calling jax_plugins.xla_cuda12.initialize()
Traceback (most recent call last):
  File "/global/common/software/desi/users/adematti/perlmutter/cosmodesiconda/20251214-1.0.0/conda/lib/python3.12/site-packages/jax/_src/xla_bridge.py", line 475, in discover_pjrt_plugins
    plugin_module.initialize()
  File "/global/common/software/desi/users/adematti/perlmutter/cosmodesiconda/20251214-1.0.0/conda/lib/python3.12/site-packages/jax_plugins/xla_cuda12/__init__.py", line 328, in initialize
    _check_cuda_versions(raise_on_first_error=True)
  File "/global/common/software/desi/users/adematti/perlmutter/cosmodesiconda/20251214-1.0.0/conda/lib/python3.12/site-packages/jax_plugins/xla_cuda12/__init__.py", line 285, in _check_cuda_versions
    local_device_count = cuda_versions.cuda_device_count()
                         ^^^^^^^^^^^^^^^^^^^^^^^^^^^^^^^^^
RuntimeError: jaxlib/cuda/versions_helpers.cc:113: operation cuInit(0) failed: CUDA_ERROR_NO_DEVICE
ERROR:2026-01-06 03:23:51,811:jax._src.xla_bridge:477: Jax plugin configuration error: Exception when calling jax_plugins.xla_cuda12.initialize()
Traceback (most recent call last):
  File "/global/common/software/desi/users/adematti/perlmutter/cosmodesiconda/20251214-1.0.0/conda/lib/python3.12/site-packages/jax/_src/xla_bridge.py", line 475, in discover_pjrt_plugins
    plugin_module.initialize()
  File "/global/common/software/desi/users/adematti/perlmutter/cosmodesiconda/20251214-1.0.0/conda/lib/python3.12/site-packages/jax_plugins/xla_cuda12/__init__.py", line 328, in initialize
    _check_cuda_versions(raise_on_first_error=True)
  File "/global/common/software/desi/users/adematti/perlmutter/cosmodesiconda/20251214-1.0.0/conda/lib/python3.12/site-packages/jax_plugins/xla_cuda12/__init__.py", line 285, in _check_cuda_versions
    local_device_count = cuda_versions.cuda_device_count()
                         ^^^^^^^^^^^^^^^^^^^^^^^^^^^^^^^^^
RuntimeError: jaxlib/cuda/versions_helpers.cc:113: operation cuInit(0) failed: CUDA_ERROR_NO_DEVICE
ERROR:2026-01-06 03:23:51,812:jax._src.xla_bridge:477: Jax plugin configuration error: Exception when calling jax_plugins.xla_cuda12.initialize()
Traceback (most recent call last):
  File "/global/common/software/desi/users/adematti/perlmutter/cosmodesiconda/20251214-1.0.0/conda/lib/python3.12/site-packages/jax/_src/xla_bridge.py", line 475, in discover_pjrt_plugins
    plugin_module.initialize()
  File "/global/common/software/desi/users/adematti/perlmutter/cosmodesiconda/20251214-1.0.0/conda/lib/python3.12/site-packages/jax_plugins/xla_cuda12/__init__.py", line 328, in initialize
    _check_cuda_versions(raise_on_first_error=True)
  File "/global/common/software/desi/users/adematti/perlmutter/cosmodesiconda/20251214-1.0.0/conda/lib/python3.12/site-packages/jax_plugins/xla_cuda12/__init__.py", line 285, in _check_cuda_versions
    local_device_count = cuda_versions.cuda_device_count()
                         ^^^^^^^^^^^^^^^^^^^^^^^^^^^^^^^^^
RuntimeError: jaxlib/cuda/versions_helpers.cc:113: operation cuInit(0) failed: CUDA_ERROR_NO_DEVICE
ERROR:2026-01-06 03:23:51,812:jax._src.xla_bridge:477: Jax plugin configuration error: Exception when calling jax_plugins.xla_cuda12.initialize()
Traceback (most recent call last):
  File "/global/common/software/desi/users/adematti/perlmutter/cosmodesiconda/20251214-1.0.0/conda/lib/python3.12/site-packages/jax/_src/xla_bridge.py", line 475, in discover_pjrt_plugins
    plugin_module.initialize()
  File "/global/common/software/desi/users/adematti/perlmutter/cosmodesiconda/20251214-1.0.0/conda/lib/python3.12/site-packages/jax_plugins/xla_cuda12/__init__.py", line 328, in initialize
    _check_cuda_versions(raise_on_first_error=True)
  File "/global/common/software/desi/users/adematti/perlmutter/cosmodesiconda/20251214-1.0.0/conda/lib/python3.12/site-packages/jax_plugins/xla_cuda12/__init__.py", line 285, in _check_cuda_versions
    local_device_count = cuda_versions.cuda_device_count()
                         ^^^^^^^^^^^^^^^^^^^^^^^^^^^^^^^^^
RuntimeError: jaxlib/cuda/versions_helpers.cc:113: operation cuInit(0) failed: CUDA_ERROR_NO_DEVICE
ERROR:2026-01-06 03:23:51,812:jax._src.xla_bridge:477: Jax plugin configuration error: Exception when calling jax_plugins.xla_cuda12.initialize()
Traceback (most recent call last):
  File "/global/common/software/desi/users/adematti/perlmutter/cosmodesiconda/20251214-1.0.0/conda/lib/python3.12/site-packages/jax/_src/xla_bridge.py", line 475, in discover_pjrt_plugins
    plugin_module.initialize()
  File "/global/common/software/desi/users/adematti/perlmutter/cosmodesiconda/20251214-1.0.0/conda/lib/python3.12/site-packages/jax_plugins/xla_cuda12/__init__.py", line 328, in initialize
    _check_cuda_versions(raise_on_first_error=True)
  File "/global/common/software/desi/users/adematti/perlmutter/cosmodesiconda/20251214-1.0.0/conda/lib/python3.12/site-packages/jax_plugins/xla_cuda12/__init__.py", line 285, in _check_cuda_versions
    local_device_count = cuda_versions.cuda_device_count()
                         ^^^^^^^^^^^^^^^^^^^^^^^^^^^^^^^^^
RuntimeError: jaxlib/cuda/versions_helpers.cc:113: operation cuInit(0) failed: CUDA_ERROR_NO_DEVICE
ERROR:2026-01-06 03:23:51,811:jax._src.xla_bridge:477: Jax plugin configuration error: Exception when calling jax_plugins.xla_cuda12.initialize()
Traceback (most recent call last):
  File "/global/common/software/desi/users/adematti/perlmutter/cosmodesiconda/20251214-1.0.0/conda/lib/python3.12/site-packages/jax/_src/xla_bridge.py", line 475, in discover_pjrt_plugins
    plugin_module.initialize()
  File "/global/common/software/desi/users/adematti/perlmutter/cosmodesiconda/20251214-1.0.0/conda/lib/python3.12/site-packages/jax_plugins/xla_cuda12/__init__.py", line 328, in initialize
    _check_cuda_versions(raise_on_first_error=True)
  File "/global/common/software/desi/users/adematti/perlmutter/cosmodesiconda/20251214-1.0.0/conda/lib/python3.12/site-packages/jax_plugins/xla_cuda12/__init__.py", line 285, in _check_cuda_versions
    local_device_count = cuda_versions.cuda_device_count()
                         ^^^^^^^^^^^^^^^^^^^^^^^^^^^^^^^^^
RuntimeError: jaxlib/cuda/versions_helpers.cc:113: operation cuInit(0) failed: CUDA_ERROR_NO_DEVICE
ERROR:2026-01-06 03:23:51,812:jax._src.xla_bridge:477: Jax plugin configuration error: Exception when calling jax_plugins.xla_cuda12.initialize()
Traceback (most recent call last):
  File "/global/common/software/desi/users/adematti/perlmutter/cosmodesiconda/20251214-1.0.0/conda/lib/python3.12/site-packages/jax/_src/xla_bridge.py", line 475, in discover_pjrt_plugins
    plugin_module.initialize()
  File "/global/common/software/desi/users/adematti/perlmutter/cosmodesiconda/20251214-1.0.0/conda/lib/python3.12/site-packages/jax_plugins/xla_cuda12/__init__.py", line 328, in initialize
    _check_cuda_versions(raise_on_first_error=True)
  File "/global/common/software/desi/users/adematti/perlmutter/cosmodesiconda/20251214-1.0.0/conda/lib/python3.12/site-packages/jax_plugins/xla_cuda12/__init__.py", line 285, in _check_cuda_versions
    local_device_count = cuda_versions.cuda_device_count()
                         ^^^^^^^^^^^^^^^^^^^^^^^^^^^^^^^^^
RuntimeError: jaxlib/cuda/versions_helpers.cc:113: operation cuInit(0) failed: CUDA_ERROR_NO_DEVICE
ERROR:2026-01-06 03:23:51,811:jax._src.xla_bridge:477: Jax plugin configuration error: Exception when calling jax_plugins.xla_cuda12.initialize()
Traceback (most recent call last):
  File "/global/common/software/desi/users/adematti/perlmutter/cosmodesiconda/20251214-1.0.0/conda/lib/python3.12/site-packages/jax/_src/xla_bridge.py", line 475, in discover_pjrt_plugins
    plugin_module.initialize()
  File "/global/common/software/desi/users/adematti/perlmutter/cosmodesiconda/20251214-1.0.0/conda/lib/python3.12/site-packages/jax_plugins/xla_cuda12/__init__.py", line 328, in initialize
    _check_cuda_versions(raise_on_first_error=True)
  File "/global/common/software/desi/users/adematti/perlmutter/cosmodesiconda/20251214-1.0.0/conda/lib/python3.12/site-packages/jax_plugins/xla_cuda12/__init__.py", line 285, in _check_cuda_versions
    local_device_count = cuda_versions.cuda_device_count()
                         ^^^^^^^^^^^^^^^^^^^^^^^^^^^^^^^^^
RuntimeError: jaxlib/cuda/versions_helpers.cc:113: operation cuInit(0) failed: CUDA_ERROR_NO_DEVICE
ERROR:2026-01-06 03:23:51,812:jax._src.xla_bridge:477: Jax plugin configuration error: Exception when calling jax_plugins.xla_cuda12.initialize()
Traceback (most recent call last):
  File "/global/common/software/desi/users/adematti/perlmutter/cosmodesiconda/20251214-1.0.0/conda/lib/python3.12/site-packages/jax/_src/xla_bridge.py", line 475, in discover_pjrt_plugins
    plugin_module.initialize()
  File "/global/common/software/desi/users/adematti/perlmutter/cosmodesiconda/20251214-1.0.0/conda/lib/python3.12/site-packages/jax_plugins/xla_cuda12/__init__.py", line 328, in initialize
    _check_cuda_versions(raise_on_first_error=True)
  File "/global/common/software/desi/users/adematti/perlmutter/cosmodesiconda/20251214-1.0.0/conda/lib/python3.12/site-packages/jax_plugins/xla_cuda12/__init__.py", line 285, in _check_cuda_versions
    local_device_count = cuda_versions.cuda_device_count()
                         ^^^^^^^^^^^^^^^^^^^^^^^^^^^^^^^^^
RuntimeError: jaxlib/cuda/versions_helpers.cc:113: operation cuInit(0) failed: CUDA_ERROR_NO_DEVICE
ERROR:2026-01-06 03:23:51,815:jax._src.xla_bridge:477: Jax plugin configuration error: Exception when calling jax_plugins.xla_cuda12.initialize()
Traceback (most recent call last):
  File "/global/common/software/desi/users/adematti/perlmutter/cosmodesiconda/20251214-1.0.0/conda/lib/python3.12/site-packages/jax/_src/xla_bridge.py", line 475, in discover_pjrt_plugins
    plugin_module.initialize()
  File "/global/common/software/desi/users/adematti/perlmutter/cosmodesiconda/20251214-1.0.0/conda/lib/python3.12/site-packages/jax_plugins/xla_cuda12/__init__.py", line 328, in initialize
    _check_cuda_versions(raise_on_first_error=True)
  File "/global/common/software/desi/users/adematti/perlmutter/cosmodesiconda/20251214-1.0.0/conda/lib/python3.12/site-packages/jax_plugins/xla_cuda12/__init__.py", line 285, in _check_cuda_versions
    local_device_count = cuda_versions.cuda_device_count()
                         ^^^^^^^^^^^^^^^^^^^^^^^^^^^^^^^^^
RuntimeError: jaxlib/cuda/versions_helpers.cc:113: operation cuInit(0) failed: CUDA_ERROR_NO_DEVICE
ERROR:2026-01-06 03:23:51,812:jax._src.xla_bridge:477: Jax plugin configuration error: Exception when calling jax_plugins.xla_cuda12.initialize()
Traceback (most recent call last):
  File "/global/common/software/desi/users/adematti/perlmutter/cosmodesiconda/20251214-1.0.0/conda/lib/python3.12/site-packages/jax/_src/xla_bridge.py", line 475, in discover_pjrt_plugins
    plugin_module.initialize()
  File "/global/common/software/desi/users/adematti/perlmutter/cosmodesiconda/20251214-1.0.0/conda/lib/python3.12/site-packages/jax_plugins/xla_cuda12/__init__.py", line 328, in initialize
    _check_cuda_versions(raise_on_first_error=True)
  File "/global/common/software/desi/users/adematti/perlmutter/cosmodesiconda/20251214-1.0.0/conda/lib/python3.12/site-packages/jax_plugins/xla_cuda12/__init__.py", line 285, in _check_cuda_versions
    local_device_count = cuda_versions.cuda_device_count()
                         ^^^^^^^^^^^^^^^^^^^^^^^^^^^^^^^^^
RuntimeError: jaxlib/cuda/versions_helpers.cc:113: operation cuInit(0) failed: CUDA_ERROR_NO_DEVICE
