This environment is new! To use the (previous) DR1 environment, run:
  source /global/common/software/desi/users/adematti/cosmodesi_environment.sh dr1
/global/common/software/desi/users/adematti/perlmutter/cosmodesiconda/20251214-1.0.0/conda/bin/python: can't open file '/pscratch/sd/a/ab2368/PrePostCov/compute_window.py': [Errno 2] No such file or directory
/global/common/software/desi/users/adematti/perlmutter/cosmodesiconda/20251214-1.0.0/conda/bin/python: can't open file '/pscratch/sd/a/ab2368/PrePostCov/compute_window.py': [Errno 2] No such file or directory
/global/common/software/desi/users/adematti/perlmutter/cosmodesiconda/20251214-1.0.0/conda/bin/python: can't open file '/pscratch/sd/a/ab2368/PrePostCov/compute_window.py': [Errno 2] No such file or directory
/global/common/software/desi/users/adematti/perlmutter/cosmodesiconda/20251214-1.0.0/conda/bin/python: can't open file '/pscratch/sd/a/ab2368/PrePostCov/compute_window.py': [Errno 2] No such file or directory
/global/common/software/desi/users/adematti/perlmutter/cosmodesiconda/20251214-1.0.0/conda/bin/python: can't open file '/pscratch/sd/a/ab2368/PrePostCov/compute_window.py': [Errno 2] No such file or directory
/global/common/software/desi/users/adematti/perlmutter/cosmodesiconda/20251214-1.0.0/conda/bin/python: can't open file '/pscratch/sd/a/ab2368/PrePostCov/compute_window.py': [Errno 2] No such file or directory
/global/common/software/desi/users/adematti/perlmutter/cosmodesiconda/20251214-1.0.0/conda/bin/python: can't open file '/pscratch/sd/a/ab2368/PrePostCov/compute_window.py': [Errno 2] No such file or directory
/global/common/software/desi/users/adematti/perlmutter/cosmodesiconda/20251214-1.0.0/conda/bin/python: can't open file '/pscratch/sd/a/ab2368/PrePostCov/compute_window.py': [Errno 2] No such file or directory
/global/common/software/desi/users/adematti/perlmutter/cosmodesiconda/20251214-1.0.0/conda/bin/python: can't open file '/pscratch/sd/a/ab2368/PrePostCov/compute_window.py': [Errno 2] No such file or directory
/global/common/software/desi/users/adematti/perlmutter/cosmodesiconda/20251214-1.0.0/conda/bin/python: can't open file '/pscratch/sd/a/ab2368/PrePostCov/compute_window.py': [Errno 2] No such file or directory
/global/common/software/desi/users/adematti/perlmutter/cosmodesiconda/20251214-1.0.0/conda/bin/python: can't open file '/pscratch/sd/a/ab2368/PrePostCov/compute_window.py': [Errno 2] No such file or directory
/global/common/software/desi/users/adematti/perlmutter/cosmodesiconda/20251214-1.0.0/conda/bin/python: can't open file '/pscratch/sd/a/ab2368/PrePostCov/compute_window.py': [Errno 2] No such file or directory
/global/common/software/desi/users/adematti/perlmutter/cosmodesiconda/20251214-1.0.0/conda/bin/python: can't open file '/pscratch/sd/a/ab2368/PrePostCov/compute_window.py': [Errno 2] No such file or directory
/global/common/software/desi/users/adematti/perlmutter/cosmodesiconda/20251214-1.0.0/conda/bin/python: can't open file '/pscratch/sd/a/ab2368/PrePostCov/compute_window.py': [Errno 2] No such file or directory
/global/common/software/desi/users/adematti/perlmutter/cosmodesiconda/20251214-1.0.0/conda/bin/python: can't open file '/pscratch/sd/a/ab2368/PrePostCov/compute_window.py': [Errno 2] No such file or directory
/global/common/software/desi/users/adematti/perlmutter/cosmodesiconda/20251214-1.0.0/conda/bin/python: can't open file '/pscratch/sd/a/ab2368/PrePostCov/compute_window.py': [Errno 2] No such file or directory
/global/common/software/desi/users/adematti/perlmutter/cosmodesiconda/20251214-1.0.0/conda/bin/python: can't open file '/pscratch/sd/a/ab2368/PrePostCov/compute_window.py': [Errno 2] No such file or directory
/global/common/software/desi/users/adematti/perlmutter/cosmodesiconda/20251214-1.0.0/conda/bin/python: can't open file '/pscratch/sd/a/ab2368/PrePostCov/compute_window.py': [Errno 2] No such file or directory
/global/common/software/desi/users/adematti/perlmutter/cosmodesiconda/20251214-1.0.0/conda/bin/python: can't open file '/pscratch/sd/a/ab2368/PrePostCov/compute_window.py': [Errno 2] No such file or directory
/global/common/software/desi/users/adematti/perlmutter/cosmodesiconda/20251214-1.0.0/conda/bin/python: can't open file '/pscratch/sd/a/ab2368/PrePostCov/compute_window.py': [Errno 2] No such file or directory
/global/common/software/desi/users/adematti/perlmutter/cosmodesiconda/20251214-1.0.0/conda/bin/python: can't open file '/pscratch/sd/a/ab2368/PrePostCov/compute_window.py': [Errno 2] No such file or directory
/global/common/software/desi/users/adematti/perlmutter/cosmodesiconda/20251214-1.0.0/conda/bin/python: can't open file '/pscratch/sd/a/ab2368/PrePostCov/compute_window.py': [Errno 2] No such file or directory
/global/common/software/desi/users/adematti/perlmutter/cosmodesiconda/20251214-1.0.0/conda/bin/python: can't open file '/pscratch/sd/a/ab2368/PrePostCov/compute_window.py': [Errno 2] No such file or directory
/global/common/software/desi/users/adematti/perlmutter/cosmodesiconda/20251214-1.0.0/conda/bin/python: can't open file '/pscratch/sd/a/ab2368/PrePostCov/compute_window.py': [Errno 2] No such file or directory
/global/common/software/desi/users/adematti/perlmutter/cosmodesiconda/20251214-1.0.0/conda/bin/python: can't open file '/pscratch/sd/a/ab2368/PrePostCov/compute_window.py': [Errno 2] No such file or directory
/global/common/software/desi/users/adematti/perlmutter/cosmodesiconda/20251214-1.0.0/conda/bin/python: can't open file '/pscratch/sd/a/ab2368/PrePostCov/compute_window.py': [Errno 2] No such file or directory
/global/common/software/desi/users/adematti/perlmutter/cosmodesiconda/20251214-1.0.0/conda/bin/python: can't open file '/pscratch/sd/a/ab2368/PrePostCov/compute_window.py': [Errno 2] No such file or directory
/global/common/software/desi/users/adematti/perlmutter/cosmodesiconda/20251214-1.0.0/conda/bin/python: can't open file '/pscratch/sd/a/ab2368/PrePostCov/compute_window.py': [Errno 2] No such file or directory
/global/common/software/desi/users/adematti/perlmutter/cosmodesiconda/20251214-1.0.0/conda/bin/python: can't open file '/pscratch/sd/a/ab2368/PrePostCov/compute_window.py': [Errno 2] No such file or directory
/global/common/software/desi/users/adematti/perlmutter/cosmodesiconda/20251214-1.0.0/conda/bin/python: can't open file '/pscratch/sd/a/ab2368/PrePostCov/compute_window.py': [Errno 2] No such file or directory
/global/common/software/desi/users/adematti/perlmutter/cosmodesiconda/20251214-1.0.0/conda/bin/python: can't open file '/pscratch/sd/a/ab2368/PrePostCov/compute_window.py': [Errno 2] No such file or directory
/global/common/software/desi/users/adematti/perlmutter/cosmodesiconda/20251214-1.0.0/conda/bin/python: can't open file '/pscratch/sd/a/ab2368/PrePostCov/compute_window.py': [Errno 2] No such file or directory
/global/common/software/desi/users/adematti/perlmutter/cosmodesiconda/20251214-1.0.0/conda/bin/python: can't open file '/pscratch/sd/a/ab2368/PrePostCov/compute_window.py': [Errno 2] No such file or directory
/global/common/software/desi/users/adematti/perlmutter/cosmodesiconda/20251214-1.0.0/conda/bin/python: can't open file '/pscratch/sd/a/ab2368/PrePostCov/compute_window.py': [Errno 2] No such file or directory
/global/common/software/desi/users/adematti/perlmutter/cosmodesiconda/20251214-1.0.0/conda/bin/python: can't open file '/pscratch/sd/a/ab2368/PrePostCov/compute_window.py': [Errno 2] No such file or directory
/global/common/software/desi/users/adematti/perlmutter/cosmodesiconda/20251214-1.0.0/conda/bin/python: can't open file '/pscratch/sd/a/ab2368/PrePostCov/compute_window.py': [Errno 2] No such file or directory
/global/common/software/desi/users/adematti/perlmutter/cosmodesiconda/20251214-1.0.0/conda/bin/python: can't open file '/pscratch/sd/a/ab2368/PrePostCov/compute_window.py': [Errno 2] No such file or directory
/global/common/software/desi/users/adematti/perlmutter/cosmodesiconda/20251214-1.0.0/conda/bin/python: can't open file '/pscratch/sd/a/ab2368/PrePostCov/compute_window.py': [Errno 2] No such file or directory
/global/common/software/desi/users/adematti/perlmutter/cosmodesiconda/20251214-1.0.0/conda/bin/python: can't open file '/pscratch/sd/a/ab2368/PrePostCov/compute_window.py': [Errno 2] No such file or directory
/global/common/software/desi/users/adematti/perlmutter/cosmodesiconda/20251214-1.0.0/conda/bin/python: can't open file '/pscratch/sd/a/ab2368/PrePostCov/compute_window.py': [Errno 2] No such file or directory
/global/common/software/desi/users/adematti/perlmutter/cosmodesiconda/20251214-1.0.0/conda/bin/python: can't open file '/pscratch/sd/a/ab2368/PrePostCov/compute_window.py': [Errno 2] No such file or directory
/global/common/software/desi/users/adematti/perlmutter/cosmodesiconda/20251214-1.0.0/conda/bin/python: can't open file '/pscratch/sd/a/ab2368/PrePostCov/compute_window.py': [Errno 2] No such file or directory
/global/common/software/desi/users/adematti/perlmutter/cosmodesiconda/20251214-1.0.0/conda/bin/python: can't open file '/pscratch/sd/a/ab2368/PrePostCov/compute_window.py': [Errno 2] No such file or directory
/global/common/software/desi/users/adematti/perlmutter/cosmodesiconda/20251214-1.0.0/conda/bin/python: can't open file '/pscratch/sd/a/ab2368/PrePostCov/compute_window.py': [Errno 2] No such file or directory
/global/common/software/desi/users/adematti/perlmutter/cosmodesiconda/20251214-1.0.0/conda/bin/python: can't open file '/pscratch/sd/a/ab2368/PrePostCov/compute_window.py': [Errno 2] No such file or directory
/global/common/software/desi/users/adematti/perlmutter/cosmodesiconda/20251214-1.0.0/conda/bin/python: can't open file '/pscratch/sd/a/ab2368/PrePostCov/compute_window.py': [Errno 2] No such file or directory
/global/common/software/desi/users/adematti/perlmutter/cosmodesiconda/20251214-1.0.0/conda/bin/python: can't open file '/pscratch/sd/a/ab2368/PrePostCov/compute_window.py': [Errno 2] No such file or directory
/global/common/software/desi/users/adematti/perlmutter/cosmodesiconda/20251214-1.0.0/conda/bin/python: can't open file '/pscratch/sd/a/ab2368/PrePostCov/compute_window.py': [Errno 2] No such file or directory
/global/common/software/desi/users/adematti/perlmutter/cosmodesiconda/20251214-1.0.0/conda/bin/python: can't open file '/pscratch/sd/a/ab2368/PrePostCov/compute_window.py': [Errno 2] No such file or directory
/global/common/software/desi/users/adematti/perlmutter/cosmodesiconda/20251214-1.0.0/conda/bin/python: can't open file '/pscratch/sd/a/ab2368/PrePostCov/compute_window.py': [Errno 2] No such file or directory
/global/common/software/desi/users/adematti/perlmutter/cosmodesiconda/20251214-1.0.0/conda/bin/python: can't open file '/pscratch/sd/a/ab2368/PrePostCov/compute_window.py': [Errno 2] No such file or directory
/global/common/software/desi/users/adematti/perlmutter/cosmodesiconda/20251214-1.0.0/conda/bin/python: can't open file '/pscratch/sd/a/ab2368/PrePostCov/compute_window.py': [Errno 2] No such file or directory
/global/common/software/desi/users/adematti/perlmutter/cosmodesiconda/20251214-1.0.0/conda/bin/python: can't open file '/pscratch/sd/a/ab2368/PrePostCov/compute_window.py': [Errno 2] No such file or directory
/global/common/software/desi/users/adematti/perlmutter/cosmodesiconda/20251214-1.0.0/conda/bin/python: can't open file '/pscratch/sd/a/ab2368/PrePostCov/compute_window.py': [Errno 2] No such file or directory
/global/common/software/desi/users/adematti/perlmutter/cosmodesiconda/20251214-1.0.0/conda/bin/python: can't open file '/pscratch/sd/a/ab2368/PrePostCov/compute_window.py': [Errno 2] No such file or directory
/global/common/software/desi/users/adematti/perlmutter/cosmodesiconda/20251214-1.0.0/conda/bin/python: can't open file '/pscratch/sd/a/ab2368/PrePostCov/compute_window.py': [Errno 2] No such file or directory
/global/common/software/desi/users/adematti/perlmutter/cosmodesiconda/20251214-1.0.0/conda/bin/python: can't open file '/pscratch/sd/a/ab2368/PrePostCov/compute_window.py': [Errno 2] No such file or directory
/global/common/software/desi/users/adematti/perlmutter/cosmodesiconda/20251214-1.0.0/conda/bin/python: can't open file '/pscratch/sd/a/ab2368/PrePostCov/compute_window.py': [Errno 2] No such file or directory
/global/common/software/desi/users/adematti/perlmutter/cosmodesiconda/20251214-1.0.0/conda/bin/python: can't open file '/pscratch/sd/a/ab2368/PrePostCov/compute_window.py': [Errno 2] No such file or directory
/global/common/software/desi/users/adematti/perlmutter/cosmodesiconda/20251214-1.0.0/conda/bin/python: can't open file '/pscratch/sd/a/ab2368/PrePostCov/compute_window.py': [Errno 2] No such file or directory
/global/common/software/desi/users/adematti/perlmutter/cosmodesiconda/20251214-1.0.0/conda/bin/python: can't open file '/pscratch/sd/a/ab2368/PrePostCov/compute_window.py': [Errno 2] No such file or directory
/global/common/software/desi/users/adematti/perlmutter/cosmodesiconda/20251214-1.0.0/conda/bin/python: can't open file '/pscratch/sd/a/ab2368/PrePostCov/compute_window.py': [Errno 2] No such file or directory
/global/common/software/desi/users/adematti/perlmutter/cosmodesiconda/20251214-1.0.0/conda/bin/python: can't open file '/pscratch/sd/a/ab2368/PrePostCov/compute_window.py': [Errno 2] No such file or directory
/global/common/software/desi/users/adematti/perlmutter/cosmodesiconda/20251214-1.0.0/conda/bin/python: can't open file '/pscratch/sd/a/ab2368/PrePostCov/compute_window.py': [Errno 2] No such file or directory
srun: error: nid006504: tasks 0-63: Exited with exit code 2
srun: Terminating StepId=47451165.0
